2026-05-25 05:00:28 | INFO | ==================================================
2026-05-25 05:00:28 | INFO | Ingesting local file: sample-data/20260307_FLE_FIELDS_XML_A.xml
2026-05-25 05:00:28 | INFO | ==================================================
2026-05-25 05:00:28 | INFO | Processing: sample-data/20260307_FLE_FIELDS_XML_A.xml
2026-05-25 05:00:28 | INFO | Starting DB ingest: 20260307_FLE_FIELDS_XML_A.xml
2026-05-25 05:00:31 | INFO |   Track upserted: Flemington (id=ec6c7ba3-6352-40b6-8001-f9c3c8673e9f)
2026-05-25 05:00:31 | INFO |   Meeting upserted: 2026-03-07 (id=6ab96950-8c41-4a14-9e24-1c23ceb9e5c2)
2026-05-25 05:03:11 | ERROR |   DB error — rolled back: 'prize_trophy_total'
2026-05-25 05:03:11 | ERROR | Failed to process sample-data/20260307_FLE_FIELDS_XML_A.xml: 'prize_trophy_total'
2026-05-25 05:03:11 | SUCCESS | Done.
2026-05-25 05:10:13 | INFO | ==================================================
2026-05-25 05:10:13 | INFO | Ingesting local file: sample-data/20260307_FLE_FIELDS_XML_A.xml
2026-05-25 05:10:13 | INFO | ==================================================
2026-05-25 05:10:13 | INFO | Processing: sample-data/20260307_FLE_FIELDS_XML_A.xml
2026-05-25 05:10:13 | INFO | Starting DB ingest: 20260307_FLE_FIELDS_XML_A.xml
2026-05-25 05:10:16 | INFO |   Track upserted: Flemington (id=751ef281-f3c4-4f7e-b805-6afb2d0f34bf)
2026-05-25 05:10:16 | INFO |   Meeting upserted: 2026-03-07 (id=5bbff1d6-9074-4856-88d9-3f70024e1d0e)
2026-05-25 05:22:01 | INFO | ==================================================
2026-05-25 05:22:01 | INFO | Ingesting local file: sample-data/20260307_FLE_FIELDS_XML_A.xml
2026-05-25 05:22:01 | INFO | ==================================================
2026-05-25 05:22:01 | INFO | Processing: sample-data/20260307_FLE_FIELDS_XML_A.xml
2026-05-25 05:22:01 | INFO | Starting DB ingest: 20260307_FLE_FIELDS_XML_A.xml
2026-05-25 05:22:04 | INFO |   Track upserted: Flemington (id=59b41f80-7412-4696-a59b-910d5eae8ba8)
2026-05-25 05:22:04 | INFO |   Meeting upserted: 2026-03-07 (id=fb9da6b0-f3dd-4fcf-a41b-d8d683877c99)
2026-05-25 05:22:04 | INFO |   Processing Race 1: TAB We're On Hcp
2026-05-25 05:22:04 | DEBUG |     Race upserted: id=4a43a67a-322d-4ee6-822f-d4037f6ac6ad
2026-05-25 05:22:04 | DEBUG |     Upserting runner: Loveyamadly
2026-05-25 05:22:05 | DEBUG |     Upserting runner: Legacy Bound
2026-05-25 05:22:23 | DEBUG |     Upserting runner: Shining Smile
2026-05-25 05:22:44 | DEBUG |     Upserting runner: Burma Star
2026-05-25 05:23:05 | DEBUG |     Upserting runner: Military Tycoon
2026-05-25 05:23:22 | DEBUG |     Upserting runner: Go Left
2026-05-25 05:23:40 | DEBUG |     Upserting runner: Pure Passion
2026-05-25 05:23:58 | DEBUG |     Upserting runner: Vangogh Bankcheque
2026-05-25 05:24:20 | INFO | ==================================================
2026-05-25 05:24:20 | INFO | Ingesting local file: sample-data/20260307_FLE_FIELDS_XML_A.xml
2026-05-25 05:24:20 | INFO | ==================================================
2026-05-25 05:24:20 | INFO | Processing: sample-data/20260307_FLE_FIELDS_XML_A.xml
2026-05-25 05:24:20 | INFO | Starting DB ingest: 20260307_FLE_FIELDS_XML_A.xml
2026-05-25 05:24:23 | INFO |   Track upserted: Flemington (id=097bf3f9-70b1-47f9-a1b6-fe75b5a59f5e)
2026-05-25 05:24:23 | INFO |   Meeting upserted: 2026-03-07 (id=fc8e9754-9e9f-44a5-bea3-331cc0a2b9f5)
2026-05-25 05:24:23 | INFO |   Processing Race 1: TAB We're On Hcp
2026-05-25 05:24:23 | DEBUG |     Race upserted: id=4aa4a316-3a1a-4159-8b99-44cd5bdd070d
2026-05-25 05:24:23 | DEBUG |     Upserting runner: Loveyamadly
2026-05-25 05:24:25 | DEBUG |     Upserting runner: Legacy Bound
2026-05-25 05:24:28 | DEBUG |     Upserting runner: Shining Smile
2026-05-25 05:24:30 | DEBUG |     Upserting runner: Burma Star
2026-05-25 05:24:33 | DEBUG |     Upserting runner: Military Tycoon
2026-05-25 05:24:36 | DEBUG |     Upserting runner: Go Left
2026-05-25 05:24:39 | DEBUG |     Upserting runner: Pure Passion
2026-05-25 05:24:41 | DEBUG |     Upserting runner: Vangogh Bankcheque
2026-05-25 05:24:44 | DEBUG |     Upserting runner: Petit Artiste
2026-05-25 05:24:47 | INFO |     Race 1 done — 9 runners
2026-05-25 05:24:47 | INFO |   Processing Race 2: Herald Sun Plate (Bm84)
2026-05-25 05:24:47 | DEBUG |     Race upserted: id=e53d6e25-f1fe-49d5-83c3-3386eda2ddb1
2026-05-25 05:24:47 | DEBUG |     Upserting runner: Loveyamadly
2026-05-25 05:24:49 | DEBUG |     Upserting runner: Press Down
2026-05-25 05:24:52 | DEBUG |     Upserting runner: Nervous Witness
2026-05-25 05:24:54 | DEBUG |     Upserting runner: She's An Artist
2026-05-25 05:24:57 | DEBUG |     Upserting runner: Wiggum
2026-05-25 05:25:00 | DEBUG |     Upserting runner: Fission
2026-05-25 05:25:03 | DEBUG |     Upserting runner: Castellar
2026-05-25 05:25:06 | DEBUG |     Upserting runner: Codigo
2026-05-25 05:25:09 | DEBUG |     Upserting runner: Hezdarnhottoo
2026-05-25 05:25:12 | DEBUG |     Upserting runner: Verdoux
2026-05-25 05:25:14 | DEBUG |     Upserting runner: Nation State
2026-05-25 05:25:17 | INFO |     Race 2 done — 11 runners
2026-05-25 05:25:17 | INFO |   Processing Race 3: Good Friday Appeal Ottawa Stakes
2026-05-25 05:25:18 | DEBUG |     Race upserted: id=c7c215e0-8ec7-418f-a287-dc1207fccd7f
2026-05-25 05:25:18 | DEBUG |     Upserting runner: Black Caviar
2026-05-25 05:25:20 | DEBUG |     Upserting runner: Rebel Tuesday
2026-05-25 05:25:23 | DEBUG |     Upserting runner: Medicinal
2026-05-25 05:25:26 | DEBUG |     Upserting runner: Simply Steffi
2026-05-25 05:25:30 | DEBUG |     Upserting runner: Scintillation
2026-05-25 05:25:33 | DEBUG |     Upserting runner: Better Off Alone
2026-05-25 05:25:36 | DEBUG |     Upserting runner: Chapados
2026-05-25 05:25:40 | DEBUG |     Upserting runner: Diamond Dawn
2026-05-25 05:25:43 | DEBUG |     Upserting runner: Jadzia
2026-05-25 05:25:46 | DEBUG |     Upserting runner: Money Honey
2026-05-25 05:25:49 | DEBUG |     Upserting runner: Sanctuary
2026-05-25 05:25:53 | INFO |     Race 3 done — 11 runners
2026-05-25 05:25:53 | INFO |   Processing Race 4: Kirin Ichiban Shaftesbury Avenue
2026-05-25 05:25:54 | DEBUG |     Race upserted: id=354504f0-9ed4-4839-9391-65cf8d6f88e3
2026-05-25 05:25:54 | DEBUG |     Upserting runner: Lovey
2026-05-25 05:25:55 | DEBUG |     Upserting runner: Here To Shock
2026-05-25 05:25:58 | DEBUG |     Upserting runner: Cafe Millenium
2026-05-25 05:26:01 | DEBUG |     Upserting runner: Persian Spirit
2026-05-25 05:26:05 | DEBUG |     Upserting runner: On Display
2026-05-25 05:26:09 | DEBUG |     Upserting runner: Precious Charm
2026-05-25 05:26:12 | DEBUG |     Upserting runner: Pounding
2026-05-25 05:26:15 | DEBUG |     Upserting runner: Welcometotheshow
2026-05-25 05:26:18 | DEBUG |     Upserting runner: Wonder Boy
2026-05-25 05:26:21 | DEBUG |     Upserting runner: Scheelite
2026-05-25 05:26:24 | INFO |     Race 4 done — 10 runners
2026-05-25 05:26:24 | INFO |   Processing Race 5: TAB & World Pool Kewney Stakes
2026-05-25 05:26:24 | DEBUG |     Race upserted: id=6c7e2545-82c7-4d5f-9ce5-b9c80461249a
2026-05-25 05:26:24 | DEBUG |     Upserting runner: Scenic Peak
2026-05-25 05:26:26 | DEBUG |     Upserting runner: Salty Pearl
2026-05-25 05:26:28 | DEBUG |     Upserting runner: Sass Appeal
2026-05-25 05:26:31 | DEBUG |     Upserting runner: After Summer
2026-05-25 05:26:34 | DEBUG |     Upserting runner: Mystery 'n' Drama
2026-05-25 05:26:37 | DEBUG |     Upserting runner: Pillow Fight
2026-05-25 05:26:40 | DEBUG |     Upserting runner: Exit
2026-05-25 05:26:43 | DEBUG |     Upserting runner: Lathlain
2026-05-25 05:26:45 | DEBUG |     Upserting runner: Seychelles
2026-05-25 05:26:48 | DEBUG |     Upserting runner: Naraghi
2026-05-25 05:26:51 | INFO |     Race 5 done — 10 runners
2026-05-25 05:26:51 | INFO |   Processing Race 6: Darley Sires' Produce Stakes
2026-05-25 05:26:52 | DEBUG |     Race upserted: id=ef2a7dfb-c5a0-4590-ad07-f63164f7b182
2026-05-25 05:26:52 | DEBUG |     Upserting runner: Lovey
2026-05-25 05:26:53 | DEBUG |     Upserting runner: Zambales
2026-05-25 05:26:56 | DEBUG |     Upserting runner: Eurocanto
2026-05-25 05:26:58 | DEBUG |     Upserting runner: Diameter
2026-05-25 05:27:01 | DEBUG |     Upserting runner: Hydrobomb
2026-05-25 05:27:04 | DEBUG |     Upserting runner: Dr Hook
2026-05-25 05:27:07 | DEBUG |     Upserting runner: Inner Gold
2026-05-25 05:27:11 | DEBUG |     Upserting runner: Leopard Shark
2026-05-25 05:27:14 | DEBUG |     Upserting runner: Almost An Angel
2026-05-25 05:27:17 | DEBUG |     Upserting runner: Expensive Taste
2026-05-25 05:27:21 | DEBUG |     Upserting runner: Grinzinger Heart
2026-05-25 05:27:24 | DEBUG |     Upserting runner: Refuse To Curtsy
2026-05-25 05:27:27 | DEBUG |     Upserting runner: Regal Ambition
2026-05-25 05:27:31 | INFO |     Race 6 done — 13 runners
2026-05-25 05:27:31 | INFO |   Processing Race 7: Sharp Eit The All-Star Mile
2026-05-25 05:27:31 | DEBUG |     Race upserted: id=71aea497-0aa7-4b14-b419-cfc44b280e11
2026-05-25 05:27:31 | DEBUG |     Upserting runner: Scenic Peak
2026-05-25 05:27:33 | DEBUG |     Upserting runner: Tom Kitten
2026-05-25 05:27:36 | DEBUG |     Upserting runner: Buckaroo
2026-05-25 05:27:39 | DEBUG |     Upserting runner: Antino
2026-05-25 05:27:42 | DEBUG |     Upserting runner: Evaporate
2026-05-25 05:27:45 | DEBUG |     Upserting runner: Steparty
2026-05-25 05:27:48 | DEBUG |     Upserting runner: Watch Me Rock
2026-05-25 05:27:50 | DEBUG |     Upserting runner: Sabaj
2026-05-25 05:27:53 | DEBUG |     Upserting runner: Pride Of Jenni
2026-05-25 05:27:56 | DEBUG |     Upserting runner: Stefi Magnetica
2026-05-25 05:27:59 | DEBUG |     Upserting runner: Treasurethe Moment
2026-05-25 05:28:02 | DEBUG |     Upserting runner: Leica Lucy
2026-05-25 05:28:04 | INFO |     Race 7 done — 12 runners
2026-05-25 05:28:04 | INFO |   Processing Race 8: De Bortoli Wines Matron Stakes
2026-05-25 05:28:05 | DEBUG |     Race upserted: id=4eb7f05c-f79d-4925-aa3b-ad6c99f87423
2026-05-25 05:28:05 | DEBUG |     Upserting runner: Scenic Peak
2026-05-25 05:28:06 | DEBUG |     Upserting runner: Benagil
2026-05-25 05:28:09 | DEBUG |     Upserting runner: Machine Gun Gracie
2026-05-25 05:28:12 | DEBUG |     Upserting runner: Philia
2026-05-25 05:28:15 | DEBUG |     Upserting runner: Jennilala
2026-05-25 05:28:18 | DEBUG |     Upserting runner: Damask Rose
2026-05-25 05:28:21 | DEBUG |     Upserting runner: Too Darn Discreet
2026-05-25 05:28:24 | DEBUG |     Upserting runner: Miss Aria
2026-05-25 05:28:27 | DEBUG |     Upserting runner: Sea What I See
2026-05-25 05:28:30 | DEBUG |     Upserting runner: Until Valhalla
2026-05-25 05:28:33 | DEBUG |     Upserting runner: Miss Tarzy
2026-05-25 05:28:36 | DEBUG |     Upserting runner: Ahha Ahha
2026-05-25 05:28:39 | DEBUG |     Upserting runner: Butternut Princess
2026-05-25 05:28:41 | INFO |     Race 8 done — 13 runners
2026-05-25 05:28:41 | INFO |   Processing Race 9: Yulong Newmarket Hcp
2026-05-25 05:28:42 | DEBUG |     Race upserted: id=8e6bd875-0d38-4284-8e72-0c7e88f611c6
2026-05-25 05:28:42 | DEBUG |     Upserting runner: Iglesia
2026-05-25 05:28:43 | DEBUG |     Upserting runner: Baraqiel
2026-05-25 05:28:46 | DEBUG |     Upserting runner: Tentyris
2026-05-25 05:28:49 | DEBUG |     Upserting runner: War Machine
2026-05-25 05:28:52 | DEBUG |     Upserting runner: Angel Capital
2026-05-25 05:28:55 | DEBUG |     Upserting runner: Sepals
2026-05-25 05:28:57 | DEBUG |     Upserting runner: Caballus
2026-05-25 05:29:00 | DEBUG |     Upserting runner: Benedetta
2026-05-25 05:29:03 | DEBUG |     Upserting runner: De Bergerac
2026-05-25 05:29:06 | DEBUG |     Upserting runner: Disneck
2026-05-25 05:29:09 | DEBUG |     Upserting runner: Gallant Son
2026-05-25 05:29:12 | DEBUG |     Upserting runner: Geegees Mistruth
2026-05-25 05:29:15 | DEBUG |     Upserting runner: Sghirripa
2026-05-25 05:29:18 | DEBUG |     Upserting runner: My Gladiola
2026-05-25 05:29:20 | DEBUG |     Upserting runner: Wodeton
2026-05-25 05:29:23 | DEBUG |     Upserting runner: Pallaton
2026-05-25 05:29:26 | INFO |     Race 9 done — 16 runners
2026-05-25 05:29:26 | INFO |   Processing Race 10: TAB Australian Cup Prelude
2026-05-25 05:29:27 | DEBUG |     Race upserted: id=6980fd95-5a5c-495a-ace9-50819b8110fb
2026-05-25 05:29:27 | DEBUG |     Upserting runner: Makybe Diva
2026-05-25 05:29:28 | DEBUG |     Upserting runner: Augustus
2026-05-25 05:29:31 | DEBUG |     Upserting runner: Whisky On The Hill
2026-05-25 05:29:34 | DEBUG |     Upserting runner: Magnaspin
2026-05-25 05:29:37 | DEBUG |     Upserting runner: Immediacy
2026-05-25 05:29:39 | DEBUG |     Upserting runner: Desert Hero
2026-05-25 05:29:42 | DEBUG |     Upserting runner: Point King
2026-05-25 05:29:45 | DEBUG |     Upserting runner: Saganti
2026-05-25 05:29:48 | DEBUG |     Upserting runner: Litzdeel
2026-05-25 05:29:51 | DEBUG |     Upserting runner: Jenni's Meadow
2026-05-25 05:29:54 | DEBUG |     Upserting runner: Tarvue
2026-05-25 05:29:56 | DEBUG |     Upserting runner: Arcora
2026-05-25 05:29:59 | INFO |     Race 10 done — 12 runners
2026-05-25 05:29:59 | INFO |   All done — 10 races, 117 runners, 0 past runs
2026-05-25 05:29:59 | SUCCESS | Completed: sample-data/20260307_FLE_FIELDS_XML_A.xml
2026-05-25 05:29:59 | SUCCESS | Done.
